<html>
<body>
<pre>
<h1>µVision Build Log</h1>
<h2>Project:</h2>
D:\STM32\STM32F429I_Original-master\SourceCode\Original.uvproj
Project File Date:  03/08/2015

<h2>Output:</h2>
Build target 'Original'
compiling main.c...
assembling startup_stm32f429_439xx.s...
linking...
Program Size: Code=128 RO-data=444 RW-data=0 ZI-data=1024  
FromELF: creating hex file...
"..\Image\Output\Original.axf" - 0 Error(s), 0 Warning(s).
Load "..\\Image\\Output\\Original.axf" 
Erase Done.
Programming Done.
Verify OK.
Application running ...
Clean started: Project: 'Original'
   deleting intermediate output files for target 'Original'
</pre>
</body>
</html>
