<html>
<body>
<pre>
<h1>µVision Build Log</h1>
<h2>Project:</h2>
D:\STM32\FreeRTOS_STM32F429I\SourceCode\UserApplication\MDK-ARM\Project.uvproj
Project File Date:  03/10/2015

<h2>Output:</h2>
Build target 'STM32F429I_DISCO'
assembling startup_stm32f429xx.s...
compiling main.c...
compiling stm32f4xx_it.c...
compiling stm32f429i_discovery.c...
compiling system_stm32f4xx.c...
compiling stm32f4xx_hal.c...
compiling stm32f4xx_hal_cortex.c...
compiling stm32f4xx_hal_dma.c...
compiling stm32f4xx_hal_flash.c...
compiling stm32f4xx_hal_flash_ex.c...
compiling stm32f4xx_hal_gpio.c...
compiling stm32f4xx_hal_i2c.c...
compiling stm32f4xx_hal_i2c_ex.c...
compiling stm32f4xx_hal_pwr.c...
compiling stm32f4xx_hal_pwr_ex.c...
compiling stm32f4xx_hal_rcc.c...
compiling stm32f4xx_hal_rcc_ex.c...
compiling stm32f4xx_hal_spi.c...
compiling list.c...
compiling queue.c...
compiling tasks.c...
compiling timers.c...
compiling croutine.c...
compiling event_groups.c...
compiling cmsis_os.c...
compiling port.c...
..\..\Middlewares\Third_Party\FreeRTOS\Source\portable\RVDS\ARM_CM4F\port.c(495): warning: A1581W: Added 2 bytes of padding at address 0xae
compiling heap_4.c...
linking...
Program Size: Code=9516 RO-data=536 RW-data=164 ZI-data=16748  
"..\..\..\Image\Objects\STM32F429I_DISCO.axf" - 0 Error(s), 1 Warning(s).
Load "..\\..\\..\\Image\\Objects\\STM32F429I_DISCO.axf" 
Erase Done.
Programming Done.
Verify OK.
Application running ...
Clean started: Project: 'Project'
   deleting intermediate output files for target 'STM32F429I_DISCO'
</pre>
</body>
</html>
